main.c:194:14:Crc16	24	static
main.c:200:6:IDmyMB	4	static
main.c:216:6:HAL_TIM_PeriodElapsedCallback	16	static
main.c:325:6:HAL_TIM_PWM_PulseFinishedCallback	16	static
main.c:344:6:HAL_UART_TxCpltCallback	16	static
main.c:349:6:HAL_UART_RxCpltCallback	16	static
main.c:371:5:main	24	static
main.c:851:6:SystemClock_Config	160	static
main.c:905:13:MX_I2C1_Init	8	static
main.c:951:13:MX_TIM1_Init	40	static
main.c:998:13:MX_TIM2_Init	64	static
main.c:1057:13:MX_TIM3_Init	40	static
main.c:1102:13:MX_USART1_UART_Init	8	static
main.c:1137:13:MX_USART3_UART_Init	8	static
main.c:1172:13:MX_GPIO_Init	48	static
main.c:1261:6:Error_Handler	4	static,ignoring_inline_asm
